96 games to play (0 already done), 2 at a time
           devil s1 cand=A W r98  teamEliminated len c4/b0 11s
           devil s1 cand=B W r127 teamEliminated len c5/b0 18s
         stripes s1 cand=A W r138 teamEliminated len c4/b0 7s
         stripes s1 cand=B L r216 teamEliminated len c0/b3 13s
   tower_defense s1 cand=B L r222 teamEliminated len c0/b5 15s
 queen_of_spades s1 cand=A W r174 teamEliminated len c3/b0 10s
   tower_defense s1 cand=A W r441 teamEliminated len c25/b0 39s
 queen_of_spades s1 cand=B L r174 teamEliminated len c0/b3 11s
         default s1 cand=A L r158 teamEliminated len c0/b4 15s
         default s1 cand=B W r158 teamEliminated len c4/b0 15s
         autarky s1 cand=A L r499 roundLimit len c40/b42 80s
         autarky s1 cand=B W r499 roundLimit len c42/b40 81s
           devil s2 cand=A W r138 teamEliminated len c4/b0 21s
           devil s2 cand=B L r153 teamEliminated len c0/b4 20s
         stripes s2 cand=A W r499 roundLimit len c51/b18 11s
         stripes s2 cand=B W r173 teamEliminated len c4/b0 11s
   tower_defense s2 cand=B L r260 teamEliminated len c0/b5 9s
 queen_of_spades s2 cand=A L r266 teamEliminated len c0/b3 15s
   tower_defense s2 cand=A L r499 roundLimit len c11/b20 40s
 queen_of_spades s2 cand=B W r266 teamEliminated len c3/b0 14s
         default s2 cand=A W r499 roundLimit len c35/b32 44s
         default s2 cand=B L r499 roundLimit len c32/b35 47s
         autarky s2 cand=A W r499 roundLimit len c38/b19 75s
         autarky s2 cand=B L r499 roundLimit len c19/b38 73s
           devil s3 cand=A W r205 teamEliminated len c3/b0 34s
           devil s3 cand=B L r190 teamEliminated len c0/b4 29s
         stripes s3 cand=A L r188 teamEliminated len c0/b3 14s
         stripes s3 cand=B W r212 teamEliminated len c4/b0 14s
   tower_defense s3 cand=B L r155 teamEliminated len c0/b3 5s
   tower_defense s3 cand=A W r297 teamEliminated len c4/b0 21s
 queen_of_spades s3 cand=A L r233 teamEliminated len c0/b4 19s
 queen_of_spades s3 cand=B W r233 teamEliminated len c4/b0 19s
         default s3 cand=A L r387 teamEliminated len c0/b19 47s
         default s3 cand=B W r387 teamEliminated len c19/b0 53s
         autarky s3 cand=A W r499 roundLimit len c55/b35 79s
         autarky s3 cand=B L r499 roundLimit len c35/b55 79s
           devil s4 cand=A L r292 teamEliminated len c0/b5 48s
         stripes s4 cand=A L r169 teamEliminated len c0/b7 7s
           devil s4 cand=B W r244 teamEliminated len c4/b0 37s
         stripes s4 cand=B W r109 teamEliminated len c3/b0 5s
   tower_defense s4 cand=B L r188 teamEliminated len c0/b3 7s
   tower_defense s4 cand=A W r323 teamEliminated len c8/b0 14s
 queen_of_spades s4 cand=A L r423 teamEliminated len c0/b12 36s
 queen_of_spades s4 cand=B W r423 teamEliminated len c12/b0 38s
         default s4 cand=A L r499 roundLimit len c4/b71 54s
         default s4 cand=B W r499 roundLimit len c71/b4 54s
         autarky s4 cand=A L r499 roundLimit len c44/b52 57s
         autarky s4 cand=B W r499 roundLimit len c52/b44 57s
           devil s5 cand=A L r150 teamEliminated len c0/b4 22s
         stripes s5 cand=A W r151 teamEliminated len c3/b0 8s
         stripes s5 cand=B W r177 teamEliminated len c4/b0 12s
           devil s5 cand=B L r249 teamEliminated len c0/b3 42s
   tower_defense s5 cand=B W r201 teamEliminated len c3/b0 10s
   tower_defense s5 cand=A L r321 teamEliminated len c0/b7 21s
 queen_of_spades s5 cand=A L r306 teamEliminated len c0/b4 21s
 queen_of_spades s5 cand=B W r306 teamEliminated len c4/b0 23s
         default s5 cand=A L r350 teamEliminated len c0/b13 68s
         default s5 cand=B W r350 teamEliminated len c13/b0 71s
         autarky s5 cand=A W r218 teamEliminated len c3/b0 36s
         autarky s5 cand=B L r218 teamEliminated len c0/b3 39s
           devil s6 cand=B L r154 teamEliminated len c0/b4 24s
         stripes s6 cand=A W r130 teamEliminated len c3/b0 6s
         stripes s6 cand=B W r105 teamEliminated len c4/b0 5s
           devil s6 cand=A W r230 teamEliminated len c5/b0 47s
   tower_defense s6 cand=A W r188 teamEliminated len c8/b0 9s
   tower_defense s6 cand=B L r212 teamEliminated len c0/b3 8s
 queen_of_spades s6 cand=A W r428 teamEliminated len c3/b0 28s
 queen_of_spades s6 cand=B L r428 teamEliminated len c0/b3 27s
         default s6 cand=A L r377 teamEliminated len c0/b7 44s
         default s6 cand=B W r377 teamEliminated len c7/b0 46s
         autarky s6 cand=A W r499 roundLimit len c36/b48 80s
         autarky s6 cand=B L r499 roundLimit len c48/b36 79s
           devil s7 cand=B W r207 teamEliminated len c4/b0 33s
           devil s7 cand=A W r207 teamEliminated len c4/b0 35s
         stripes s7 cand=B W r162 teamEliminated len c3/b0 9s
         stripes s7 cand=A W r490 teamEliminated len c14/b0 11s
   tower_defense s7 cand=B L r166 teamEliminated len c0/b3 5s
   tower_defense s7 cand=A W r198 teamEliminated len c5/b0 7s
